Component: ARM Compiler 5.06 update 6 (build 750) Tool: armlink [4d35ed]

==============================================================================

Image Symbol Table

    Local Symbols

    Symbol Name                              Value     Ov Type        Size  Object(Section)

    ../clib/../cmprslib/zerorunl2.c          0x00000000   Number         0  __dczerorl2.o ABSOLUTE
    ../clib/microlib/division.c              0x00000000   Number         0  idiv.o ABSOLUTE
    ../clib/microlib/division.c              0x00000000   Number         0  uidiv.o ABSOLUTE
    ../clib/microlib/init/entry.s            0x00000000   Number         0  entry5.o ABSOLUTE
    ../clib/microlib/init/entry.s            0x00000000   Number         0  entry8b.o ABSOLUTE
    ../clib/microlib/init/entry.s            0x00000000   Number         0  entry8a.o ABSOLUTE
    ../clib/microlib/init/entry.s            0x00000000   Number         0  entry.o ABSOLUTE
    ../clib/microlib/init/entry.s            0x00000000   Number         0  entry7b.o ABSOLUTE
    ../clib/microlib/init/entry.s            0x00000000   Number         0  entry7a.o ABSOLUTE
    ../clib/microlib/init/entry.s            0x00000000   Number         0  entry11b.o ABSOLUTE
    ../clib/microlib/init/entry.s            0x00000000   Number         0  entry11a.o ABSOLUTE
    ../clib/microlib/init/entry.s            0x00000000   Number         0  entry10b.o ABSOLUTE
    ../clib/microlib/init/entry.s            0x00000000   Number         0  entry10a.o ABSOLUTE
    ../clib/microlib/init/entry.s            0x00000000   Number         0  entry2.o ABSOLUTE
    ../clib/microlib/init/entry.s            0x00000000   Number         0  entry9b.o ABSOLUTE
    ../clib/microlib/init/entry.s            0x00000000   Number         0  entry9a.o ABSOLUTE
    ../clib/microlib/string/memcpy.c         0x00000000   Number         0  memcpyb.o ABSOLUTE
    ../clib/microlib/string/memcpy.c         0x00000000   Number         0  memcpya.o ABSOLUTE
    ../clib/microlib/string/memset.c         0x00000000   Number         0  memseta.o ABSOLUTE
    ../clib/microlib/string/strstr.c         0x00000000   Number         0  strstr.o ABSOLUTE
    ../clib/microlib/stubs.s                 0x00000000   Number         0  useno.o ABSOLUTE
    ../clib/microlib/stubs.s                 0x00000000   Number         0  iusefp.o ABSOLUTE
    ../fplib/microlib/fpadd.c                0x00000000   Number         0  fadd.o ABSOLUTE
    ../fplib/microlib/fpdiv.c                0x00000000   Number         0  fdiv.o ABSOLUTE
    ../fplib/microlib/fpepilogue.c           0x00000000   Number         0  fepilogue.o ABSOLUTE
    ../fplib/microlib/fpfix.c                0x00000000   Number         0  ffixui.o ABSOLUTE
    ../fplib/microlib/fpflt.c                0x00000000   Number         0  ffltui.o ABSOLUTE
    ..\\source\\common\\interrupts_hc32l13x.c 0x00000000   Number         0  interrupts_hc32l13x.o ABSOLUTE
    ..\\source\\common\\system_hc32l13x.c    0x00000000   Number         0  system_hc32l13x.o ABSOLUTE
    ..\\source\\communication\\communication_bsp_hc32l130.c 0x00000000   Number         0  communication_bsp_hc32l130.o ABSOLUTE
    ..\\source\\communication\\communication_driver.c 0x00000000   Number         0  communication_driver.o ABSOLUTE
    ..\\source\\data\\data_business.c        0x00000000   Number         0  data_business.o ABSOLUTE
    ..\\source\\driver\\src\\adt.c           0x00000000   Number         0  adt.o ABSOLUTE
    ..\\source\\driver\\src\\bt.c            0x00000000   Number         0  bt.o ABSOLUTE
    ..\\source\\driver\\src\\ddl.c           0x00000000   Number         0  ddl.o ABSOLUTE
    ..\\source\\driver\\src\\flash.c         0x00000000   Number         0  flash.o ABSOLUTE
    ..\\source\\driver\\src\\gpio.c          0x00000000   Number         0  gpio.o ABSOLUTE
    ..\\source\\driver\\src\\spi.c           0x00000000   Number         0  spi.o ABSOLUTE
    ..\\source\\driver\\src\\sysctrl.c       0x00000000   Number         0  sysctrl.o ABSOLUTE
    ..\\source\\driver\\src\\timer3.c        0x00000000   Number         0  timer3.o ABSOLUTE
    ..\\source\\driver\\src\\uart.c          0x00000000   Number         0  uart.o ABSOLUTE
    ..\\source\\driver\\src\\wdt.c           0x00000000   Number         0  wdt.o ABSOLUTE
    ..\\source\\gpio_manage\\gpio_manage_bsp_hc32l130.c 0x00000000   Number         0  gpio_manage_bsp_hc32l130.o ABSOLUTE
    ..\\source\\infrared_induction\\inductionbsp_hc32l130.c 0x00000000   Number         0  inductionbsp_hc32l130.o ABSOLUTE
    ..\\source\\rgb\\rgb_bsp_hc32l130.c      0x00000000   Number         0  rgb_bsp_hc32l130.o ABSOLUTE
    ..\\source\\system_clock\\system_clock.c 0x00000000   Number         0  system_clock.o ABSOLUTE
    ..\source\business_scheduler\business_scheduler.c 0x00000000   Number         0  business_scheduler.o ABSOLUTE
    ..\source\common\interrupts_hc32l13x.c   0x00000000   Number         0  interrupts_hc32l13x.o ABSOLUTE
[...]
    i.Sysctrl_SetPeripheralGate              0x00002148   Section        0  sysctrl.o(i.Sysctrl_SetPeripheralGate)
    i.Sysctrl_SysClkSwitch                   0x00002160   Section        0  sysctrl.o(i.Sysctrl_SysClkSwitch)
    i.SystemCoreClockUpdate                  0x0000218c   Section        0  system_hc32l13x.o(i.SystemCoreClockUpdate)
    i.SystemInit                             0x0000219c   Section        0  system_hc32l13x.o(i.SystemInit)
    i.Uart0_IRQHandler                       0x000021dc   Section        0  communication_driver.o(i.Uart0_IRQHandler)
    i.Uart1_IRQHandler                       0x00002210   Section        0  communication_driver.o(i.Uart1_IRQHandler)
    i.Uart_ClrStatus                         0x00002240   Section        0  uart.o(i.Uart_ClrStatus)
    i.Uart_DisableIrq                        0x00002256   Section        0  uart.o(i.Uart_DisableIrq)
    i.Uart_EnableFunc                        0x0000226a   Section        0  uart.o(i.Uart_EnableFunc)
    i.Uart_EnableIrq                         0x0000227e   Section        0  uart.o(i.Uart_EnableIrq)
    i.Uart_GetStatus                         0x00002292   Section        0  uart.o(i.Uart_GetStatus)
    i.Uart_Init                              0x000022ac   Section        0  uart.o(i.Uart_Init)
    i.Uart_ReceiveData                       0x00002340   Section        0  uart.o(i.Uart_ReceiveData)
    i.Uart_SendDataPoll                      0x00002348   Section        0  uart.o(i.Uart_SendDataPoll)
    i.Wdt_Feed                               0x00002384   Section        0  wdt.o(i.Wdt_Feed)
    i.Wdt_Init                               0x00002394   Section        0  wdt.o(i.Wdt_Init)
    i.Wdt_Start                              0x000023c0   Section        0  wdt.o(i.Wdt_Start)
    i.Wdt_WriteWdtLoad                       0x000023d0   Section        0  wdt.o(i.Wdt_WriteWdtLoad)
    i._HidePinInit                           0x000023e8   Section        0  system_hc32l13x.o(i._HidePinInit)
    _HidePinInit                             0x000023e9   Thumb Code    24  system_hc32l13x.o(i._HidePinInit)
    i._SysctrlUnlock                         0x00002404   Section        0  sysctrl.o(i._SysctrlUnlock)
    _SysctrlUnlock                           0x00002405   Thumb Code    12  sysctrl.o(i._SysctrlUnlock)
    i.__ARM_common_switch8                   0x0000241c   Section        0  rgb_driver.o(i.__ARM_common_switch8)
    i.__NVIC_SetPriority                     0x00002438   Section        0  system_clock.o(i.__NVIC_SetPriority)
    __NVIC_SetPriority                       0x00002439   Thumb Code   110  system_clock.o(i.__NVIC_SetPriority)
    i.__NVIC_SetPriority                     0x000024b0   Section        0  interrupts_hc32l13x.o(i.__NVIC_SetPriority)
    __NVIC_SetPriority                       0x000024b1   Thumb Code   110  interrupts_hc32l13x.o(i.__NVIC_SetPriority)
    i.__scatterload_copy                     0x00002528   Section       14  handlers.o(i.__scatterload_copy)
    i.__scatterload_null                     0x00002536   Section        2  handlers.o(i.__scatterload_null)
    i.__scatterload_zeroinit                 0x00002538   Section       14  handlers.o(i.__scatterload_zeroinit)
    i.business_data_clear                    0x00002546   Section        0  business_scheduler.o(i.business_data_clear)
    i.business_initialization                0x00002558   Section        0  business_scheduler.o(i.business_initialization)
    i.business_interrput_scheduler           0x00002580   Section        0  business_scheduler.o(i.business_interrput_scheduler)
    i.business_scheduler                     0x000025a8   Section        0  business_scheduler.o(i.business_scheduler)
    i.button_handle                          0x000025b8   Section        0  logic_control_business.o(i.button_handle)
    button_handle                            0x000025b9   Thumb Code   226  logic_control_business.o(i.button_handle)
    i.button_mapping_handle                  0x000026bc   Section        0  logic_control_business.o(i.button_mapping_handle)
    button_mapping_handle                    0x000026bd   Thumb Code    86  logic_control_business.o(i.button_mapping_handle)
    i.button_scanf                           0x00002720   Section        0  gpio_manage_driver.o(i.button_scanf)
    i.check_boot_command                     0x00002850   Section        0  communication_driver.o(i.check_boot_command)
    check_boot_command                       0x00002851   Thumb Code   118  communication_driver.o(i.check_boot_command)
    i.common_cache_data                      0x000028e0   Section        0  communication_driver.o(i.common_cache_data)
    common_cache_data                        0x000028e1   Thumb Code    70  communication_driver.o(i.common_cache_data)
    i.common_data_read                       0x0000292c   Section        0  communication_driver.o(i.common_data_read)
    i.common_idle_judge                      0x000029f8   Section        0  communication_driver.o(i.common_idle_judge)
    common_idle_judge                        0x000029f9   Thumb Code    58  communication_driver.o(i.common_idle_judge)
    i.common_receive_refresh                 0x00002a38   Section        0  communication_driver.o(i.common_receive_refresh)
    i.communication_485_data_send            0x00002a68   Section        0  communication_driver.o(i.communication_485_data_send)
    i.communication_handle                   0x00002a90   Section        0  logic_control_business.o(i.communication_handle)
    communication_handle                     0x00002a91   Thumb Code   366  logic_control_business.o(i.communication_handle)
    i.communication_send_instructions        0x00002c30   Section        0  user_agreement_send.o(i.communication_send_instructions)
    i.data_stream_clear                      0x00002cde   Section        0  business_scheduler.o(i.data_stream_clear)
    i.ddl_memclr                             0x00002cec   Section        0  ddl.o(i.ddl_memclr)
    i.delay                                  0x00002d0c   Section        0  system_clock.o(i.delay)
    i.delay10us                              0x00002d2c   Section        0  ddl.o(i.delay10us)
    i.dial_handle                            0x00002d88   Section        0  logic_control_business.o(i.dial_handle)
    dial_handle                              0x00002d89   Thumb Code    34  logic_control_business.o(i.dial_handle)
    i.dial_read                              0x00002dbc   Section        0  gpio_manage_bsp_hc32l130.o(i.dial_read)
    i.dial_switch_init                       0x00002e10   Section        0  gpio_manage_bsp_hc32l130.o(i.dial_switch_init)
    dial_switch_init                         0x00002e11   Thumb Code    58  gpio_manage_bsp_hc32l130.o(i.dial_switch_init)
    i.directional_release_data_to_cache      0x00002e54   Section        0  logic_control_business.o(i.directional_release_data_to_cache)
    i.factory_fixed_agreement                0x00002e90   Section        0  communication_driver.o(i.factory_fixed_agreement)
    i.flash_data_read                        0x00002ea8   Section        0  data_business.o(i.flash_data_read)
    i.flash_data_write                       0x00002f8c   Section        0  data_business.o(i.flash_data_write)
    i.gpio_initialization                    0x00002fdc   Section        0  gpio_manage_bsp_hc32l130.o(i.gpio_initialization)
    i.indicator_start_show                   0x00002fec   Section        0  rgb_driver.o(i.indicator_start_show)
    i.infrared_handle                        0x000031f8   Section        0  logic_control_business.o(i.infrared_handle)
    infrared_handle                          0x000031f9   Thumb Code    46  logic_control_business.o(i.infrared_handle)
    i.initialization                         0x0000323c   Section        0  logic_control_business.o(i.initialization)
    initialization                           0x0000323d   Thumb Code    24  logic_control_business.o(i.initialization)
    i.initialization                         0x00003258   Section        0  communication_business.o(i.initialization)
    initialization                           0x00003259   Thumb Code    18  communication_business.o(i.initialization)
    i.initialization                         0x00003270   Section        0  communication_driver.o(i.initialization)
    initialization                           0x00003271   Thumb Code    18  communication_driver.o(i.initialization)
    i.initialization                         0x00003288   Section        0  communication_bsp_hc32l130.o(i.initialization)
    initialization                           0x00003289   Thumb Code    16  communication_bsp_hc32l130.o(i.initialization)
    i.initialization                         0x00003298   Section        0  gpio_manage_business.o(i.initialization)
    initialization                           0x00003299   Thumb Code    18  gpio_manage_business.o(i.initialization)
    i.initialization                         0x000032b0   Section        0  gpio_manage_driver.o(i.initialization)
    initialization                           0x000032b1   Thumb Code    12  gpio_manage_driver.o(i.initialization)
    i.initialization                         0x000032bc   Section        0  rgb_business.o(i.initialization)
    initialization                           0x000032bd   Thumb Code    18  rgb_business.o(i.initialization)
    i.initialization                         0x000032d4   Section        0  rgb_driver.o(i.initialization)
    initialization                           0x000032d5   Thumb Code    46  rgb_driver.o(i.initialization)
    i.initialization                         0x0000330c   Section        0  rgb_bsp_hc32l130.o(i.initialization)
    initialization                           0x0000330d   Thumb Code    94  rgb_bsp_hc32l130.o(i.initialization)
    i.initialization                         0x00003370   Section        0  induction_business.o(i.initialization)
    initialization                           0x00003371   Thumb Code    18  induction_business.o(i.initialization)
    i.initialization                         0x00003388   Section        0  inductionbsp_hc32l130.o(i.initialization)
    initialization                           0x00003389   Thumb Code    50  inductionbsp_hc32l130.o(i.initialization)
    i.input_init                             0x000033bc   Section        0  gpio_manage_bsp_hc32l130.o(i.input_init)
    input_init                               0x000033bd   Thumb Code    58  gpio_manage_bsp_hc32l130.o(i.input_init)
    i.input_read                             0x00003400   Section        0  gpio_manage_bsp_hc32l130.o(i.input_read)
    i.interrput                              0x00003424   Section        0  logic_control_business.o(i.interrput)
    interrput                                0x00003425   Thumb Code    46  logic_control_business.o(i.interrput)
    i.interrput                              0x00003458   Section        0  communication_business.o(i.interrput)
    interrput                                0x00003459   Thumb Code    18  communication_business.o(i.interrput)
    i.interrput                              0x00003470   Section        0  communication_driver.o(i.interrput)
    interrput                                0x00003471   Thumb Code    22  communication_driver.o(i.interrput)
    i.interrput                              0x00003490   Section        0  communication_bsp_hc32l130.o(i.interrput)
    interrput                                0x00003491   Thumb Code     6  communication_bsp_hc32l130.o(i.interrput)
    i.interrput                              0x00003498   Section        0  gpio_manage_business.o(i.interrput)
    interrput                                0x00003499   Thumb Code    18  gpio_manage_business.o(i.interrput)
    i.interrput                              0x000034b0   Section        0  gpio_manage_driver.o(i.interrput)
    interrput                                0x000034b1   Thumb Code    46  gpio_manage_driver.o(i.interrput)
    i.interrput                              0x000034e4   Section        0  rgb_business.o(i.interrput)
    interrput                                0x000034e5   Thumb Code    18  rgb_business.o(i.interrput)
    i.interrput                              0x000034fc   Section        0  rgb_driver.o(i.interrput)
    interrput                                0x000034fd   Thumb Code    74  rgb_driver.o(i.interrput)
    i.interrput                              0x0000354c   Section        0  rgb_bsp_hc32l130.o(i.interrput)
    interrput                                0x0000354d   Thumb Code     6  rgb_bsp_hc32l130.o(i.interrput)
    i.interrput                              0x00003554   Section        0  induction_business.o(i.interrput)
    interrput                                0x00003555   Thumb Code    46  induction_business.o(i.interrput)
    i.interrput                              0x00003588   Section        0  inductionbsp_hc32l130.o(i.interrput)
    interrput                                0x00003589   Thumb Code     6  inductionbsp_hc32l130.o(i.interrput)
    i.lamp_control_handle                    0x00003590   Section        0  user_agreement_receive.o(i.lamp_control_handle)
    i.led_all_off                            0x00003608   Section        0  rgb_driver.o(i.led_all_off)
    i.led_all_on                             0x00003620   Section        0  rgb_driver.o(i.led_all_on)
    i.led_one_on                             0x00003638   Section        0  rgb_driver.o(i.led_one_on)
    i.main                                   0x0000364c   Section        0  main.o(i.main)
    i.multi_channel_lamp_control_instructions 0x00003664   Section        0  communication_driver.o(i.multi_channel_lamp_control_instructions)
    i.multi_channel_lamp_query_instructions  0x00003684   Section        0  communication_driver.o(i.multi_channel_lamp_query_instructions)
    i.multi_channel_output_control_instructions 0x0000369c   Section        0  communication_driver.o(i.multi_channel_output_control_instructions)
    i.multiple_button_answer_send_data       0x000036bc   Section        0  user_agreement_send.o(i.multiple_button_answer_send_data)
    i.multiple_lamp_switch                   0x000036ec   Section        0  user_agreement_send.o(i.multiple_lamp_switch)
    i.output_control_handle                  0x00003740   Section        0  user_agreement_receive.o(i.output_control_handle)
    i.output_init                            0x000037a8   Section        0  gpio_manage_bsp_hc32l130.o(i.output_init)
    output_init                              0x000037a9   Thumb Code    76  gpio_manage_bsp_hc32l130.o(i.output_init)
    i.output_write                           0x000037fc   Section        0  gpio_manage_bsp_hc32l130.o(i.output_write)
    i.read                                   0x00003820   Section        0  logic_control_business.o(i.read)
    read                                     0x00003821   Thumb Code    16  logic_control_business.o(i.read)
    i.read                                   0x00003834   Section        0  communication_business.o(i.read)
    read                                     0x00003835   Thumb Code    50  communication_business.o(i.read)
    i.read                                   0x00003880   Section        0  communication_driver.o(i.read)
    read                                     0x00003881   Thumb Code    46  communication_driver.o(i.read)
    i.read                                   0x000038bc   Section        0  communication_bsp_hc32l130.o(i.read)
    read                                     0x000038bd   Thumb Code     6  communication_bsp_hc32l130.o(i.read)
    i.read                                   0x000038c4   Section        0  gpio_manage_business.o(i.read)
    read                                     0x000038c5   Thumb Code    90  gpio_manage_business.o(i.read)
    i.read                                   0x00003938   Section        0  gpio_manage_driver.o(i.read)
    read                                     0x00003939   Thumb Code    20  gpio_manage_driver.o(i.read)
    i.read                                   0x0000394c   Section        0  rgb_business.o(i.read)
    read                                     0x0000394d   Thumb Code     6  rgb_business.o(i.read)
    i.read                                   0x00003954   Section        0  rgb_driver.o(i.read)
    read                                     0x00003955   Thumb Code    18  rgb_driver.o(i.read)
    i.read                                   0x0000396c   Section        0  rgb_bsp_hc32l130.o(i.read)
    read                                     0x0000396d   Thumb Code     6  rgb_bsp_hc32l130.o(i.read)
    i.read                                   0x00003974   Section        0  induction_business.o(i.read)
    read                                     0x00003975   Thumb Code    56  induction_business.o(i.read)
    i.read                                   0x000039c0   Section        0  inductionbsp_hc32l130.o(i.read)
    read                                     0x000039c1   Thumb Code    22  inductionbsp_hc32l130.o(i.read)
    i.read_single                            0x000039d8   Section        0  gpio_manage_driver.o(i.read_single)
    read_single                              0x000039d9   Thumb Code    64  gpio_manage_driver.o(i.read_single)
    i.reset_data_flow                        0x00003a1c   Section        0  rgb_bsp_hc32l130.o(i.reset_data_flow)
    i.rs485_direction                        0x00003a38   Section        0  communication_bsp_hc32l130.o(i.rs485_direction)
    i.run                                    0x00003a54   Section        0  logic_control_business.o(i.run)
    run                                      0x00003a55   Thumb Code    24  logic_control_business.o(i.run)
    i.run                                    0x00003a70   Section        0  communication_business.o(i.run)
    run                                      0x00003a71   Thumb Code    18  communication_business.o(i.run)
    i.run                                    0x00003a88   Section        0  communication_driver.o(i.run)
    run                                      0x00003a89   Thumb Code    24  communication_driver.o(i.run)
    i.run                                    0x00003aa4   Section        0  gpio_manage_business.o(i.run)
    run                                      0x00003aa5   Thumb Code    18  gpio_manage_business.o(i.run)
    i.run                                    0x00003abc   Section        0  gpio_manage_driver.o(i.run)
    run                                      0x00003abd   Thumb Code    30  gpio_manage_driver.o(i.run)
    i.run                                    0x00003ae0   Section        0  rgb_business.o(i.run)
    run                                      0x00003ae1   Thumb Code    18  rgb_business.o(i.run)
    i.run                                    0x00003af8   Section        0  rgb_driver.o(i.run)
    run                                      0x00003af9   Thumb Code   382  rgb_driver.o(i.run)
    i.run                                    0x00003c8c   Section        0  induction_business.o(i.run)
    run                                      0x00003c8d   Thumb Code   140  induction_business.o(i.run)
    i.run_business_scheduler                 0x00003d24   Section        0  business_scheduler.o(i.run_business_scheduler)
    i.send_rgb_data                          0x00003d50   Section        0  rgb_bsp_hc32l130.o(i.send_rgb_data)
    i.single_button_send_data                0x00003ffc   Section        0  user_agreement_send.o(i.single_button_send_data)
    i.single_channel_lamp_control_instructions 0x00004030   Section        0  communication_driver.o(i.single_channel_lamp_control_instructions)
    i.single_channel_output_control_instructions 0x00004058   Section        0  communication_driver.o(i.single_channel_output_control_instructions)
    i.single_lamp_switch_package             0x00004080   Section        0  user_agreement_send.o(i.single_lamp_switch_package)
    i.stream_cache_read                      0x000040cc   Section        0  business_scheduler.o(i.stream_cache_read)
    i.stream_cache_write                     0x00004106   Section        0  business_scheduler.o(i.stream_cache_write)
    i.system_clock_config                    0x0000412c   Section        0  system_clock.o(i.system_clock_config)
    i.system_mapping_set                     0x00004178   Section        0  communication_driver.o(i.system_mapping_set)
    i.system_rgb_set                         0x000041c4   Section        0  communication_driver.o(i.system_rgb_set)
    i.trigger_business_scheduler             0x00004218   Section        0  business_scheduler.o(i.trigger_business_scheduler)
    i.uart_gpio_init                         0x00004260   Section        0  communication_bsp_hc32l130.o(i.uart_gpio_init)
    i.uart_port_init                         0x000042c0   Section        0  communication_bsp_hc32l130.o(i.uart_port_init)
    i.user_agreement_analysis                0x0000431c   Section        0  user_agreement_receive.o(i.user_agreement_analysis)
    i.user_agreement_pack                    0x0000434c   Section        0  communication_driver.o(i.user_agreement_pack)
    i.user_data_read                         0x00004374   Section        0  data_business.o(i.user_data_read)
    i.user_systick_config                    0x000043a4   Section        0  system_clock.o(i.user_systick_config)
    i.watchdog_feed                          0x000043d8   Section        0  system_clock.o(i.watchdog_feed)
    i.watchdog_init                          0x000043e0   Section        0  system_clock.o(i.watchdog_init)
    watchdog_init                            0x000043e1   Thumb Code    24  system_clock.o(i.watchdog_init)
    i.write                                  0x000043f8   Section        0  logic_control_business.o(i.write)
    write                                    0x000043f9   Thumb Code    32  logic_control_business.o(i.write)
    i.write                                  0x00004418   Section        0  communication_business.o(i.write)
    write                                    0x00004419   Thumb Code    44  communication_business.o(i.write)
    i.write                                  0x00004458   Section        0  communication_driver.o(i.write)
    write                                    0x00004459   Thumb Code    20  communication_driver.o(i.write)
    i.write                                  0x00004470   Section        0  communication_bsp_hc32l130.o(i.write)
    write                                    0x00004471   Thumb Code    82  communication_bsp_hc32l130.o(i.write)
    i.write                                  0x000044c8   Section        0  gpio_manage_business.o(i.write)
    write                                    0x000044c9   Thumb Code    30  gpio_manage_business.o(i.write)
    i.write                                  0x000044f4   Section        0  gpio_manage_driver.o(i.write)
    write                                    0x000044f5   Thumb Code    90  gpio_manage_driver.o(i.write)
    i.write                                  0x00004550   Section        0  rgb_business.o(i.write)
    write                                    0x00004551   Thumb Code    44  rgb_business.o(i.write)
    i.write                                  0x0000458c   Section        0  rgb_driver.o(i.write)
    write                                    0x0000458d   Thumb Code   172  rgb_driver.o(i.write)
    i.write                                  0x00004644   Section        0  rgb_bsp_hc32l130.o(i.write)
    write                                    0x00004645   Thumb Code    52  rgb_bsp_hc32l130.o(i.write)
    i.write                                  0x00004678   Section        0  induction_business.o(i.write)
    write                                    0x00004679   Thumb Code     6  induction_business.o(i.write)
    i.write                                  0x0000467e   Section        0  inductionbsp_hc32l130.o(i.write)
    write                                    0x0000467f   Thumb Code     6  inductionbsp_hc32l130.o(i.write)
    .constdata                               0x00004684   Section       24  sysctrl.o(.constdata)
    .constdata                               0x0000469c   Section       32  flash.o(.constdata)
    .constdata                               0x000046bc   Section        8  uart.o(.constdata)
    .data                                    0x20000000   Section        2  user_agreement_receive.o(.data)
    .data                                    0x20000004   Section       32  logic_control_business.o(.data)
    logic_data                               0x20000004   Data           6  logic_control_business.o(.data)
    current_run_data                         0x2000000c   Data           4  logic_control_business.o(.data)
    .data                                    0x20000024   Section       36  communication_business.o(.data)
    current_operation                        0x20000024   Data           4  communication_business.o(.data)
    .data                                    0x20000048   Section       58  communication_driver.o(.data)
    current_operation                        0x20000048   Data           4  communication_driver.o(.data)
    comm_data                                0x2000004c   Data           6  communication_driver.o(.data)
    current_run_data                         0x20000054   Data           4  communication_driver.o(.data)
    u8TxData                                 0x20000070   Data          18  communication_driver.o(.data)
    .data                                    0x20000084   Section       20  communication_bsp_hc32l130.o(.data)
    .data                                    0x20000098   Section       25  gpio_manage_business.o(.data)
    current_operation                        0x20000098   Data           4  gpio_manage_business.o(.data)
    clk                                      0x200000b0   Data           1  gpio_manage_business.o(.data)
    .data                                    0x200000b4   Section       32  gpio_manage_driver.o(.data)
    button_data                              0x200000b6   Data           6  gpio_manage_driver.o(.data)
    current_run_data                         0x200000bc   Data           4  gpio_manage_driver.o(.data)
    .data                                    0x200000d4   Section       36  gpio_manage_bsp_hc32l130.o(.data)
    button_pin                               0x200000d4   Data           8  gpio_manage_bsp_hc32l130.o(.data)
    button_port                              0x200000dc   Data           8  gpio_manage_bsp_hc32l130.o(.data)
    output_pin                               0x200000e4   Data           4  gpio_manage_bsp_hc32l130.o(.data)
    output_port                              0x200000e8   Data           4  gpio_manage_bsp_hc32l130.o(.data)
    dial_pin                                 0x200000ec   Data           6  gpio_manage_bsp_hc32l130.o(.data)
    dial_port                                0x200000f2   Data           6  gpio_manage_bsp_hc32l130.o(.data)
    .data                                    0x200000f8   Section       24  rgb_business.o(.data)
    current_operation                        0x200000f8   Data           4  rgb_business.o(.data)
    .data                                    0x20000110   Section       42  rgb_driver.o(.data)
    current_operation                        0x20000114   Data           4  rgb_driver.o(.data)
    rgb_data                                 0x20000118   Data           6  rgb_driver.o(.data)
    current_run_data                         0x20000120   Data           4  rgb_driver.o(.data)
    start_flag                               0x20000138   Data           1  rgb_driver.o(.data)
    start_time                               0x20000139   Data           1  rgb_driver.o(.data)
    .data                                    0x2000013c   Section       20  rgb_bsp_hc32l130.o(.data)
    .data                                    0x20000150   Section        4  data_business.o(.data)
    .data                                    0x20000154   Section       44  induction_business.o(.data)
    current_operation                        0x2000015c   Data           4  induction_business.o(.data)
    inductionh_data                          0x20000160   Data           6  induction_business.o(.data)
    current_run_data                         0x20000168   Data           4  induction_business.o(.data)
    .data                                    0x20000180   Section       20  inductionbsp_hc32l130.o(.data)
    .data                                    0x20000194   Section       24  business_scheduler.o(.data)
    .data                                    0x200001ac   Section        4  system_hc32l13x.o(.data)
    .bss                                     0x200001b0   Section       21  user_agreement_receive.o(.bss)
    .bss                                     0x200001c5   Section     1136  logic_control_business.o(.bss)
    current_stream                           0x200005b8   Data         101  logic_control_business.o(.bss)
    .bss                                     0x20000635   Section      101  communication_business.o(.bss)
    current_stream                           0x20000635   Data         101  communication_business.o(.bss)
    .bss                                     0x2000069a   Section      732  communication_driver.o(.bss)
    current_stream                           0x2000069a   Data         101  communication_driver.o(.bss)
    .bss                                     0x20000976   Section       64  gpio_manage_driver.o(.bss)
    .bss                                     0x200009b6   Section      101  rgb_business.o(.bss)
    current_stream                           0x200009b6   Data         101  rgb_business.o(.bss)
    .bss                                     0x20000a1b   Section      117  rgb_driver.o(.bss)
    current_stream                           0x20000a1b   Data         101  rgb_driver.o(.bss)
    rgb_lamp_buff                            0x20000a80   Data          16  rgb_driver.o(.bss)
    .bss                                     0x20000a90   Section       50  rgb_bsp_hc32l130.o(.bss)
    .bss                                     0x20000ac2   Section       52  data_business.o(.bss)
    .bss                                     0x20000af6   Section      202  business_scheduler.o(.bss)
    current_stream                           0x20000b5b   Data         101  business_scheduler.o(.bss)
    STACK                                    0x20000bc0   Section     1024  startup_hc32l13x.o(STACK)

    Global Symbols

    Symbol Name                              Value     Ov Type        Size  Object(Section)

    BuildAttributes$$THM_ISAv3M$S$PE$A:L22$X:L11$S22$IEEE1$IW$USESV6$~STKCKD$USESV7$~SHL$OTIME$ROPI$EBA8$MICROLIB$REQ8$PRES8$EABIv2 0x00000000   Number         0  anon$$obj.o ABSOLUTE
    __ARM_use_no_argv                        0x00000000   Number         0  main.o ABSOLUTE
    __use_no_errno                           0x00000000   Number         0  useno.o ABSOLUTE
    __use_no_exception_handling              0x00000000   Number         0  useno.o ABSOLUTE
    __use_no_fp                              0x00000000   Number         0  useno.o ABSOLUTE
    __use_no_heap                            0x00000000   Number         0  useno.o ABSOLUTE
    __use_no_heap_region                     0x00000000   Number         0  useno.o ABSOLUTE
    __use_no_semihosting                     0x00000000   Number         0  useno.o ABSOLUTE
    __use_no_semihosting_swi                 0x00000000   Number         0  useno.o ABSOLUTE
    __use_no_signal_handling                 0x00000000   Number         0  useno.o ABSOLUTE
    Adc_IRQHandler                            - Undefined Weak Reference
    ClkTrim_IRQHandler                        - Undefined Weak Reference
    Dmac_IRQHandler                           - Undefined Weak Reference
    Flash_IRQHandler                          - Undefined Weak Reference
    I2c0_IRQHandler                           - Undefined Weak Reference
    I2c1_IRQHandler                           - Undefined Weak Reference
    Lcd_IRQHandler                            - Undefined Weak Reference
    LpTim_IRQHandler                          - Undefined Weak Reference
    LpUart0_IRQHandler                        - Undefined Weak Reference
    LpUart1_IRQHandler                        - Undefined Weak Reference
    Lvd_IRQHandler                            - Undefined Weak Reference
    Pca_IRQHandler                            - Undefined Weak Reference
    Pcnt_IRQHandler                           - Undefined Weak Reference
    PortA_IRQHandler                          - Undefined Weak Reference
    PortB_IRQHandler                          - Undefined Weak Reference
    PortC_IRQHandler                          - Undefined Weak Reference
    PortD_IRQHandler                          - Undefined Weak Reference
    Ram_IRQHandler                            - Undefined Weak Reference
    Rtc_IRQHandler                            - Undefined Weak Reference
    Spi0_IRQHandler                           - Undefined Weak Reference
    Spi1_IRQHandler                           - Undefined Weak Reference
    Tim0_IRQHandler                           - Undefined Weak Reference
    Tim1_IRQHandler                           - Undefined Weak Reference
    Tim2_IRQHandler                           - Undefined Weak Reference
    Tim3_IRQHandler                           - Undefined Weak Reference
    Tim4_IRQHandler                           - Undefined Weak Reference
    Tim5_IRQHandler                           - Undefined Weak Reference
    Tim6_IRQHandler                           - Undefined Weak Reference
    Vc0_IRQHandler                            - Undefined Weak Reference
    Vc1_IRQHandler                            - Undefined Weak Reference
    Wdt_IRQHandler                            - Undefined Weak Reference
    __cpp_initialize__aeabi_                  - Undefined Weak Reference
    __cxa_finalize                            - Undefined Weak Reference
    _clock_init                               - Undefined Weak Reference
    _microlib_exit                            - Undefined Weak Reference
    __Vectors_Size                           0x000000c0   Number         0  startup_hc32l13x.o ABSOLUTE
    __Vectors                                0x00001200   Data           4  startup_hc32l13x.o(RESET)
    __Vectors_End                            0x000012c0   Data           0  startup_hc32l13x.o(RESET)
    __main                                   0x000012c1   Thumb Code     0  entry.o(.ARM.Collect$$$$00000000)
    _main_stk                                0x000012c1   Thumb Code     0  entry2.o(.ARM.Collect$$$$00000001)
    _main_scatterload                        0x000012c5   Thumb Code     0  entry5.o(.ARM.Collect$$$$00000004)
    __main_after_scatterload                 0x000012c9   Thumb Code     0  entry5.o(.ARM.Collect$$$$00000004)
    _main_clock                              0x000012c9   Thumb Code     0  entry7b.o(.ARM.Collect$$$$00000008)
    _main_cpp_init                           0x000012c9   Thumb Code     0  entry8b.o(.ARM.Collect$$$$0000000A)
    _main_init                               0x000012c9   Thumb Code     0  entry9a.o(.ARM.Collect$$$$0000000B)
    __rt_final_cpp                           0x000012d1   Thumb Code     0  entry10a.o(.ARM.Collect$$$$0000000D)
    __rt_final_exit                          0x000012d1   Thumb Code     0  entry11a.o(.ARM.Collect$$$$0000000F)
    Reset_Handler                            0x000012d5   Thumb Code    28  startup_hc32l13x.o(.text)
    NMI_Handler                              0x000012f1   Thumb Code     2  startup_hc32l13x.o(.text)
    SVC_Handler                              0x000012f5   Thumb Code     2  startup_hc32l13x.o(.text)
    PendSV_Handler                           0x000012f7   Thumb Code     2  startup_hc32l13x.o(.text)
    IRQ030_Handler                           0x000012fb   Thumb Code     0  startup_hc32l13x.o(.text)
    __aeabi_uidiv                            0x00001315   Thumb Code     0  uidiv.o(.text)
    __aeabi_uidivmod                         0x00001315   Thumb Code    44  uidiv.o(.text)
    __aeabi_idiv                             0x00001341   Thumb Code     0  idiv.o(.text)
    __aeabi_idivmod                          0x00001341   Thumb Code    40  idiv.o(.text)
    __aeabi_memcpy                           0x00001369   Thumb Code    36  memcpya.o(.text)
    __aeabi_memcpy4                          0x00001369   Thumb Code     0  memcpya.o(.text)
    __aeabi_memcpy8                          0x00001369   Thumb Code     0  memcpya.o(.text)
    __aeabi_memset                           0x0000138d   Thumb Code    14  memseta.o(.text)
    __aeabi_memset4                          0x0000138d   Thumb Code     0  memseta.o(.text)
    __aeabi_memset8                          0x0000138d   Thumb Code     0  memseta.o(.text)
    __aeabi_memclr                           0x0000139b   Thumb Code     4  memseta.o(.text)
    __aeabi_memclr4                          0x0000139b   Thumb Code     0  memseta.o(.text)
    __aeabi_memclr8                          0x0000139b   Thumb Code     0  memseta.o(.text)
    _memset$wrapper                          0x0000139f   Thumb Code    18  memseta.o(.text)
    strstr                                   0x000013b1   Thumb Code    40  strstr.o(.text)
    __aeabi_fadd                             0x000013d9   Thumb Code   162  fadd.o(.text)
    __aeabi_fsub                             0x0000147b   Thumb Code     8  fadd.o(.text)
    __aeabi_frsub                            0x00001483   Thumb Code     8  fadd.o(.text)
    __aeabi_fdiv                             0x0000148b   Thumb Code   124  fdiv.o(.text)
    __aeabi_ui2f                             0x00001507   Thumb Code    14  ffltui.o(.text)
    __aeabi_f2uiz                            0x00001515   Thumb Code    40  ffixui.o(.text)
    __I$use$fp                               0x0000153d   Thumb Code     0  iusefp.o(.text)
    _float_round                             0x0000153d   Thumb Code    16  fepilogue.o(.text)
    _float_epilogue                          0x0000154d   Thumb Code   114  fepilogue.o(.text)
    __scatterload                            0x000015c1   Thumb Code    28  init.o(.text)
    __scatterload_rt2                        0x000015c1   Thumb Code     0  init.o(.text)
    __decompress                             0x000015e5   Thumb Code     0  __dczerorl2.o(.text)
    __decompress1                            0x000015e5   Thumb Code    86  __dczerorl2.o(.text)
    main                                     0x0000163b   Thumb Code    14  system_hc32l13x.o(i.$Sub$$main)
    CRC8_Check                               0x00001649   Thumb Code    34  user_agreement_send.o(i.CRC8_Check)
    CRC8_Generate                            0x0000166b   Thumb Code    62  user_agreement_send.o(i.CRC8_Generate)
    EnableNvic                               0x000016a9   Thumb Code   104  interrupts_hc32l13x.o(i.EnableNvic)
    FLASH_RAM_IRQHandler                     0x00001719   Thumb Code    12  interrupts_hc32l13x.o(i.FLASH_RAM_IRQHandler)
    Flash_Init                               0x00001725   Thumb Code   188  flash.o(i.Flash_Init)
    Flash_LockAll                            0x000017f1   Thumb Code    16  flash.o(i.Flash_LockAll)
    Flash_SectorErase                        0x0000180d   Thumb Code   158  flash.o(i.Flash_SectorErase)
    Flash_UnlockAll                          0x000018bd   Thumb Code    18  flash.o(i.Flash_UnlockAll)
    Flash_WaitCycle                          0x000018dd   Thumb Code    38  flash.o(i.Flash_WaitCycle)
    Flash_WriteByte                          0x00001911   Thumb Code   158  flash.o(i.Flash_WriteByte)
    Flash_WriteWord                          0x000019c1   Thumb Code   158  flash.o(i.Flash_WriteWord)
    GetBit                                   0x00001a71   Thumb Code    12  ddl.o(i.GetBit)
    Gpio_ClrIO                               0x00001a7d   Thumb Code    22  gpio.o(i.Gpio_ClrIO)
    Gpio_GetInputIO                          0x00001a99   Thumb Code    18  gpio.o(i.Gpio_GetInputIO)
    Gpio_Init                                0x00001ab1   Thumb Code   130  gpio.o(i.Gpio_Init)
    Gpio_SetAfMode                           0x00001b41   Thumb Code    16  gpio.o(i.Gpio_SetAfMode)
    Gpio_SetIO                               0x00001b55   Thumb Code    22  gpio.o(i.Gpio_SetIO)
    Gpio_WriteOutputIO                       0x00001b71   Thumb Code    24  gpio.o(i.Gpio_WriteOutputIO)
    HardFault_Handler                        0x00001b8d   Thumb Code    16  interrupts_hc32l13x.o(i.HardFault_Handler)
    IRQ000_Handler                           0x00001b9d   Thumb Code     8  interrupts_hc32l13x.o(i.IRQ000_Handler)
    IRQ001_Handler                           0x00001ba5   Thumb Code     8  interrupts_hc32l13x.o(i.IRQ001_Handler)
    IRQ002_Handler                           0x00001bad   Thumb Code     8  interrupts_hc32l13x.o(i.IRQ002_Handler)
    IRQ003_Handler                           0x00001bb5   Thumb Code     8  interrupts_hc32l13x.o(i.IRQ003_Handler)
    IRQ004_Handler                           0x00001bbd   Thumb Code     8  interrupts_hc32l13x.o(i.IRQ004_Handler)
    IRQ005_Handler                           0x00001bc5   Thumb Code     8  interrupts_hc32l13x.o(i.IRQ005_Handler)
    IRQ006_Handler                           0x00001bcd   Thumb Code     8  interrupts_hc32l13x.o(i.IRQ006_Handler)
    IRQ007_Handler                           0x00001bd5   Thumb Code     8  interrupts_hc32l13x.o(i.IRQ007_Handler)
    IRQ008_Handler                           0x00001bdd   Thumb Code     8  interrupts_hc32l13x.o(i.IRQ008_Handler)
    IRQ009_Handler                           0x00001be5   Thumb Code     8  interrupts_hc32l13x.o(i.IRQ009_Handler)
    IRQ010_Handler                           0x00001bed   Thumb Code     8  interrupts_hc32l13x.o(i.IRQ010_Handler)
    IRQ011_Handler                           0x00001bf5   Thumb Code     8  interrupts_hc32l13x.o(i.IRQ011_Handler)
    IRQ012_Handler                           0x00001bfd   Thumb Code     8  interrupts_hc32l13x.o(i.IRQ012_Handler)
    IRQ013_Handler                           0x00001c05   Thumb Code     8  interrupts_hc32l13x.o(i.IRQ013_Handler)
    IRQ014_Handler                           0x00001c0d   Thumb Code     8  interrupts_hc32l13x.o(i.IRQ014_Handler)
    IRQ015_Handler                           0x00001c15   Thumb Code     8  interrupts_hc32l13x.o(i.IRQ015_Handler)
    IRQ016_Handler                           0x00001c1d   Thumb Code     8  interrupts_hc32l13x.o(i.IRQ016_Handler)
    IRQ017_Handler                           0x00001c25   Thumb Code     8  interrupts_hc32l13x.o(i.IRQ017_Handler)
    IRQ018_Handler                           0x00001c2d   Thumb Code     8  interrupts_hc32l13x.o(i.IRQ018_Handler)
    IRQ019_Handler                           0x00001c35   Thumb Code     8  interrupts_hc32l13x.o(i.IRQ019_Handler)
    IRQ020_Handler                           0x00001c3d   Thumb Code     8  interrupts_hc32l13x.o(i.IRQ020_Handler)
    IRQ021_Handler                           0x00001c45   Thumb Code     8  interrupts_hc32l13x.o(i.IRQ021_Handler)
    IRQ022_Handler                           0x00001c4d   Thumb Code     8  interrupts_hc32l13x.o(i.IRQ022_Handler)
    IRQ023_Handler                           0x00001c55   Thumb Code     8  interrupts_hc32l13x.o(i.IRQ023_Handler)
    IRQ024_Handler                           0x00001c5d   Thumb Code     8  interrupts_hc32l13x.o(i.IRQ024_Handler)
    IRQ025_Handler                           0x00001c65   Thumb Code     8  interrupts_hc32l13x.o(i.IRQ025_Handler)
    IRQ026_Handler                           0x00001c6d   Thumb Code     8  interrupts_hc32l13x.o(i.IRQ026_Handler)
    IRQ027_Handler                           0x00001c75   Thumb Code     8  interrupts_hc32l13x.o(i.IRQ027_Handler)
    IRQ028_Handler                           0x00001c7d   Thumb Code     8  interrupts_hc32l13x.o(i.IRQ028_Handler)
    IRQ029_Handler                           0x00001c85   Thumb Code     8  interrupts_hc32l13x.o(i.IRQ029_Handler)
    IRQ031_Handler                           0x00001c8d   Thumb Code     8  interrupts_hc32l13x.o(i.IRQ031_Handler)
    SetBit                                   0x00001c95   Thumb Code    30  ddl.o(i.SetBit)
    Spi_GetStatus                            0x00001cb3   Thumb Code    18  spi.o(i.Spi_GetStatus)
    Spi_Init                                 0x00001cc5   Thumb Code    32  spi.o(i.Spi_Init)
    Spi_SendData                             0x00001ce5   Thumb Code     8  spi.o(i.Spi_SendData)
    Spi_SetCS                                0x00001ced   Thumb Code     4  spi.o(i.Spi_SetCS)
    SysTick_Handler                          0x00001cf1   Thumb Code     8  interrupts_hc32l13x.o(i.SysTick_Handler)
    SysTick_IRQHandler                       0x00001cf9   Thumb Code    18  business_scheduler.o(i.SysTick_IRQHandler)
    Sysctrl_ClkSourceEnable                  0x00001d11   Thumb Code   352  sysctrl.o(i.Sysctrl_ClkSourceEnable)
    Sysctrl_GetHClkFreq                      0x00001e7d   Thumb Code   354  sysctrl.o(i.Sysctrl_GetHClkFreq)
    Sysctrl_GetPClkFreq                      0x00001ff1   Thumb Code    28  sysctrl.o(i.Sysctrl_GetPClkFreq)
    Sysctrl_SetPLLFreq                       0x00002011   Thumb Code   258  sysctrl.o(i.Sysctrl_SetPLLFreq)
    Sysctrl_SetPLLStableTime                 0x00002125   Thumb Code    32  sysctrl.o(i.Sysctrl_SetPLLStableTime)
    Sysctrl_SetPeripheralGate                0x00002149   Thumb Code    20  sysctrl.o(i.Sysctrl_SetPeripheralGate)
    Sysctrl_SysClkSwitch                     0x00002161   Thumb Code    40  sysctrl.o(i.Sysctrl_SysClkSwitch)
    SystemCoreClockUpdate                    0x0000218d   Thumb Code    12  system_hc32l13x.o(i.SystemCoreClockUpdate)
    SystemInit                               0x0000219d   Thumb Code    56  system_hc32l13x.o(i.SystemInit)
    Uart0_IRQHandler                         0x000021dd   Thumb Code    46  communication_driver.o(i.Uart0_IRQHandler)
    Uart1_IRQHandler                         0x00002211   Thumb Code    40  communication_driver.o(i.Uart1_IRQHandler)
    Uart_ClrStatus                           0x00002241   Thumb Code    22  uart.o(i.Uart_ClrStatus)
    Uart_DisableIrq                          0x00002257   Thumb Code    20  uart.o(i.Uart_DisableIrq)
    Uart_EnableFunc                          0x0000226b   Thumb Code    20  uart.o(i.Uart_EnableFunc)
    Uart_EnableIrq                           0x0000227f   Thumb Code    20  uart.o(i.Uart_EnableIrq)
    Uart_GetStatus                           0x00002293   Thumb Code    24  uart.o(i.Uart_GetStatus)
    Uart_Init                                0x000022ad   Thumb Code   144  uart.o(i.Uart_Init)
    Uart_ReceiveData                         0x00002341   Thumb Code     8  uart.o(i.Uart_ReceiveData)
    Uart_SendDataPoll                        0x00002349   Thumb Code    58  uart.o(i.Uart_SendDataPoll)
    Wdt_Feed                                 0x00002385   Thumb Code    12  wdt.o(i.Wdt_Feed)
    Wdt_Init                                 0x00002395   Thumb Code    40  wdt.o(i.Wdt_Init)
    Wdt_Start                                0x000023c1   Thumb Code    12  wdt.o(i.Wdt_Start)
    Wdt_WriteWdtLoad                         0x000023d1   Thumb Code    20  wdt.o(i.Wdt_WriteWdtLoad)
    __ARM_common_switch8                     0x0000241d   Thumb Code    28  rgb_driver.o(i.__ARM_common_switch8)
    __scatterload_copy                       0x00002529   Thumb Code    14  handlers.o(i.__scatterload_copy)
    __scatterload_null                       0x00002537   Thumb Code     2  handlers.o(i.__scatterload_null)
    __scatterload_zeroinit                   0x00002539   Thumb Code    14  handlers.o(i.__scatterload_zeroinit)
    business_data_clear                      0x00002547   Thumb Code    18  business_scheduler.o(i.business_data_clear)
    business_initialization                  0x00002559   Thumb Code    30  business_scheduler.o(i.business_initialization)
    business_interrput_scheduler             0x00002581   Thumb Code    30  business_scheduler.o(i.business_interrput_scheduler)
    business_scheduler                       0x000025a9   Thumb Code    14  business_scheduler.o(i.business_scheduler)
    button_scanf                             0x00002721   Thumb Code   290  gpio_manage_driver.o(i.button_scanf)
    common_data_read                         0x0000292d   Thumb Code   200  communication_driver.o(i.common_data_read)
    common_receive_refresh                   0x00002a39   Thumb Code    42  communication_driver.o(i.common_receive_refresh)
    communication_485_data_send              0x00002a69   Thumb Code    34  communication_driver.o(i.communication_485_data_send)
    communication_send_instructions          0x00002c31   Thumb Code   174  user_agreement_send.o(i.communication_send_instructions)
    data_stream_clear                        0x00002cdf   Thumb Code    14  business_scheduler.o(i.data_stream_clear)
    ddl_memclr                               0x00002ced   Thumb Code    32  ddl.o(i.ddl_memclr)
    delay                                    0x00002d0d   Thumb Code    32  system_clock.o(i.delay)
    delay10us                                0x00002d2d   Thumb Code    74  ddl.o(i.delay10us)
    dial_read                                0x00002dbd   Thumb Code    78  gpio_manage_bsp_hc32l130.o(i.dial_read)
    directional_release_data_to_cache        0x00002e55   Thumb Code    52  logic_control_business.o(i.directional_release_data_to_cache)
    factory_fixed_agreement                  0x00002e91   Thumb Code    24  communication_driver.o(i.factory_fixed_agreement)
    flash_data_read                          0x00002ea9   Thumb Code   216  data_business.o(i.flash_data_read)
    flash_data_write                         0x00002f8d   Thumb Code    72  data_business.o(i.flash_data_write)
    gpio_initialization                      0x00002fdd   Thumb Code    16  gpio_manage_bsp_hc32l130.o(i.gpio_initialization)
    indicator_start_show                     0x00002fed   Thumb Code   508  rgb_driver.o(i.indicator_start_show)
    input_read                               0x00003401   Thumb Code    28  gpio_manage_bsp_hc32l130.o(i.input_read)
    lamp_control_handle                      0x00003591   Thumb Code   116  user_agreement_receive.o(i.lamp_control_handle)
    led_all_off                              0x00003609   Thumb Code    20  rgb_driver.o(i.led_all_off)
    led_all_on                               0x00003621   Thumb Code    20  rgb_driver.o(i.led_all_on)
    led_one_on                               0x00003639   Thumb Code    16  rgb_driver.o(i.led_one_on)
    $Super$$main                             0x0000364d   Thumb Code    24  main.o(i.main)
    multi_channel_lamp_control_instructions  0x00003665   Thumb Code    22  communication_driver.o(i.multi_channel_lamp_control_instructions)
    multi_channel_lamp_query_instructions    0x00003685   Thumb Code    16  communication_driver.o(i.multi_channel_lamp_query_instructions)
    multi_channel_output_control_instructions 0x0000369d   Thumb Code    22  communication_driver.o(i.multi_channel_output_control_instructions)
    multiple_button_answer_send_data         0x000036bd   Thumb Code    44  user_agreement_send.o(i.multiple_button_answer_send_data)
    multiple_lamp_switch                     0x000036ed   Thumb Code    80  user_agreement_send.o(i.multiple_lamp_switch)
    output_control_handle                    0x00003741   Thumb Code    98  user_agreement_receive.o(i.output_control_handle)
    output_write                             0x000037fd   Thumb Code    26  gpio_manage_bsp_hc32l130.o(i.output_write)
    reset_data_flow                          0x00003a1d   Thumb Code    24  rgb_bsp_hc32l130.o(i.reset_data_flow)
    rs485_direction                          0x00003a39   Thumb Code    28  communication_bsp_hc32l130.o(i.rs485_direction)
    run_business_scheduler                   0x00003d25   Thumb Code    36  business_scheduler.o(i.run_business_scheduler)
    send_rgb_data                            0x00003d51   Thumb Code   674  rgb_bsp_hc32l130.o(i.send_rgb_data)
    single_button_send_data                  0x00003ffd   Thumb Code    48  user_agreement_send.o(i.single_button_send_data)
    single_channel_lamp_control_instructions 0x00004031   Thumb Code    30  communication_driver.o(i.single_channel_lamp_control_instructions)
    single_channel_output_control_instructions 0x00004059   Thumb Code    30  communication_driver.o(i.single_channel_output_control_instructions)
    single_lamp_switch_package               0x00004081   Thumb Code    72  user_agreement_send.o(i.single_lamp_switch_package)
    stream_cache_read                        0x000040cd   Thumb Code    58  business_scheduler.o(i.stream_cache_read)
    stream_cache_write                       0x00004107   Thumb Code    38  business_scheduler.o(i.stream_cache_write)
    system_clock_config                      0x0000412d   Thumb Code    72  system_clock.o(i.system_clock_config)
    system_mapping_set                       0x00004179   Thumb Code    72  communication_driver.o(i.system_mapping_set)
    system_rgb_set                           0x000041c5   Thumb Code    80  communication_driver.o(i.system_rgb_set)
    trigger_business_scheduler               0x00004219   Thumb Code    64  business_scheduler.o(i.trigger_business_scheduler)
    uart_gpio_init                           0x00004261   Thumb Code    96  communication_bsp_hc32l130.o(i.uart_gpio_init)
    uart_port_init                           0x000042c1   Thumb Code    86  communication_bsp_hc32l130.o(i.uart_port_init)
    user_agreement_analysis                  0x0000431d   Thumb Code    42  user_agreement_receive.o(i.user_agreement_analysis)
    user_agreement_pack                      0x0000434d   Thumb Code    38  communication_driver.o(i.user_agreement_pack)
    user_data_read                           0x00004375   Thumb Code    36  data_business.o(i.user_data_read)
    user_systick_config                      0x000043a5   Thumb Code    44  system_clock.o(i.user_systick_config)
    watchdog_feed                            0x000043d9   Thumb Code     8  system_clock.o(i.watchdog_feed)
    pu32PcgTimer4M                           0x0000469c   Data          32  flash.o(.constdata)
    Region$$Table$$Base                      0x000046c4   Number         0  anon$$obj.o(Region$$Table)
    Region$$Table$$Limit                     0x000046e4   Number         0  anon$$obj.o(Region$$Table)
    user_add                                 0x20000000   Data           1  user_agreement_receive.o(.data)
    analysis_flag                            0x20000001   Data           1  user_agreement_receive.o(.data)
    logic_business_operation                 0x20000010   Data          20  logic_control_business.o(.data)
    communication_add                        0x20000028   Data           1  communication_business.o(.data)
    lamp_buff                                0x20000029   Data           8  communication_business.o(.data)
    communication_business_operation         0x20000034   Data          20  communication_business.o(.data)
    communication_driver_operation           0x20000058   Data          20  communication_driver.o(.data)
    analysis_pointer                         0x2000006c   Data           4  communication_driver.o(.data)
    communication_bsp_operation              0x20000084   Data          20  communication_bsp_hc32l130.o(.data)
    gpio_manage_business_operation           0x2000009c   Data          20  gpio_manage_business.o(.data)
    key_return                               0x200000b4   Data           1  gpio_manage_driver.o(.data)
    button_driver_operation                  0x200000c0   Data          20  gpio_manage_driver.o(.data)
    rgb_business_operation                   0x200000fc   Data          20  rgb_business.o(.data)
    standby_time                             0x20000110   Data           1  rgb_driver.o(.data)
    rgb_driver_operation                     0x20000124   Data          20  rgb_driver.o(.data)
    rgb_bsp_operation                        0x2000013c   Data          20  rgb_bsp_hc32l130.o(.data)
    data_opint                               0x20000150   Data           4  data_business.o(.data)
    user_induction                           0x20000154   Data           6  induction_business.o(.data)
    induction_business_operation             0x2000016c   Data          20  induction_business.o(.data)
    induction_bsp_operation                  0x20000180   Data          20  inductionbsp_hc32l130.o(.data)
    systick_data                             0x20000194   Data           4  business_scheduler.o(.data)
    user_business                            0x20000198   Data          20  business_scheduler.o(.data)
    SystemCoreClock                          0x200001ac   Data           4  system_hc32l13x.o(.data)
    user_instructions                        0x200001b0   Data          21  user_agreement_receive.o(.bss)
    logic_read_cache                         0x200001c5   Data        1011  logic_control_business.o(.bss)
    user_logic_data                          0x2000061d   Data          24  logic_control_business.o(.bss)
    rs485_commnuication_frame                0x20000700   Data         630  communication_driver.o(.bss)
    key_manage                               0x20000976   Data          64  gpio_manage_driver.o(.bss)
    send_data_te                             0x20000a90   Data          50  rgb_bsp_hc32l130.o(.bss)
    cpy_flash                                0x20000ac2   Data          26  data_business.o(.bss)
    system_data                              0x20000adc   Data          26  data_business.o(.bss)
    public_null                              0x20000af6   Data         101  business_scheduler.o(.bss)
    __initial_sp                             0x20000fc0   Data           0  startup_hc32l13x.o(STACK)



==============================================================================

Memory Map of the image

  Image Entry point : 0x000012c1

  Load Region LR_IROM1 (Base: 0x00001200, Size: 0x00003694, Max: 0x00010000, ABSOLUTE, COMPRESSED[0x000035f0])

    Execution Region ER_IROM1 (Exec base: 0x00001200, Load base: 0x00001200, Size: 0x000034e4, Max: 0x00010000, ABSOLUTE)

    Exec Addr    Load Addr    Size         Type   Attr      Idx    E Section Name        Object

    0x00001200   0x00001200   0x000000c0   Data   RO         3005    RESET               startup_hc32l13x.o
    0x000012c0   0x000012c0   0x00000000   Code   RO         3285  * .ARM.Collect$$$$00000000  mc_p.l(entry.o)
    0x000012c0   0x000012c0   0x00000004   Code   RO         3308    .ARM.Collect$$$$00000001  mc_p.l(entry2.o)
    0x000012c4   0x000012c4   0x00000004   Code   RO         3311    .ARM.Collect$$$$00000004  mc_p.l(entry5.o)
    0x000012c8   0x000012c8   0x00000000   Code   RO         3313    .ARM.Collect$$$$00000008  mc_p.l(entry7b.o)
    0x000012c8   0x000012c8   0x00000000   Code   RO         3315    .ARM.Collect$$$$0000000A  mc_p.l(entry8b.o)
    0x000012c8   0x000012c8   0x00000008   Code   RO         3316    .ARM.Collect$$$$0000000B  mc_p.l(entry9a.o)
    0x000012d0   0x000012d0   0x00000000   Code   RO         3318    .ARM.Collect$$$$0000000D  mc_p.l(entry10a.o)
    0x000012d0   0x000012d0   0x00000000   Code   RO         3320    .ARM.Collect$$$$0000000F  mc_p.l(entry11a.o)
    0x000012d0   0x000012d0   0x00000004   Code   RO         3309    .ARM.Collect$$$$00002712  mc_p.l(entry2.o)
    0x000012d4   0x000012d4   0x00000040   Code   RO         3006    .text               startup_hc32l13x.o
    0x00001314   0x00001314   0x0000002c   Code   RO         3288    .text               mc_p.l(uidiv.o)
    0x00001340   0x00001340   0x00000028   Code   RO         3290    .text               mc_p.l(idiv.o)
    0x00001368   0x00001368   0x00000024   Code   RO         3292    .text               mc_p.l(memcpya.o)
    0x0000138c   0x0000138c   0x00000024   Code   RO         3294    .text               mc_p.l(memseta.o)
    0x000013b0   0x000013b0   0x00000028   Code   RO         3296    .text               mc_p.l(strstr.o)
    0x000013d8   0x000013d8   0x000000b2   Code   RO         3300    .text               mf_p.l(fadd.o)
    0x0000148a   0x0000148a   0x0000007c   Code   RO         3302    .text               mf_p.l(fdiv.o)
    0x00001506   0x00001506   0x0000000e   Code   RO         3304    .text               mf_p.l(ffltui.o)
    0x00001514   0x00001514   0x00000028   Code   RO         3306    .text               mf_p.l(ffixui.o)
    0x0000153c   0x0000153c   0x00000000   Code   RO         3322    .text               mc_p.l(iusefp.o)
    0x0000153c   0x0000153c   0x00000082   Code   RO         3323    .text               mf_p.l(fepilogue.o)
    0x000015be   0x000015be   0x00000002   PAD
    0x000015c0   0x000015c0   0x00000024   Code   RO         3325    .text               mc_p.l(init.o)
    0x000015e4   0x000015e4   0x00000056   Code   RO         3335    .text               mc_p.l(__dczerorl2.o)
    0x0000163a   0x0000163a   0x0000000e   Code   RO         3012    i.$Sub$$main        system_hc32l13x.o
    0x00001648   0x00001648   0x00000022   Code   RO           76    i.CRC8_Check        user_agreement_send.o
    0x0000166a   0x0000166a   0x0000003e   Code   RO           77    i.CRC8_Generate     user_agreement_send.o
    0x000016a8   0x000016a8   0x00000070   Code   RO         3055    i.EnableNvic        interrupts_hc32l13x.o
    0x00001718   0x00001718   0x0000000c   Code   RO         3056    i.FLASH_RAM_IRQHandler  interrupts_hc32l13x.o
    0x00001724   0x00001724   0x000000cc   Code   RO         1585    i.Flash_Init        flash.o
    0x000017f0   0x000017f0   0x0000001c   Code   RO         1586    i.Flash_LockAll     flash.o
    0x0000180c   0x0000180c   0x000000b0   Code   RO         1588    i.Flash_SectorErase  flash.o
    0x000018bc   0x000018bc   0x00000020   Code   RO         1589    i.Flash_UnlockAll   flash.o
    0x000018dc   0x000018dc   0x00000034   Code   RO         1590    i.Flash_WaitCycle   flash.o
    0x00001910   0x00001910   0x000000b0   Code   RO         1591    i.Flash_WriteByte   flash.o
    0x000019c0   0x000019c0   0x000000b0   Code   RO         1593    i.Flash_WriteWord   flash.o
    0x00001a70   0x00001a70   0x0000000c   Code   RO         1119    i.GetBit            ddl.o
    0x00001a7c   0x00001a7c   0x0000001c   Code   RO         1408    i.Gpio_ClrIO        gpio.o
    0x00001a98   0x00001a98   0x00000018   Code   RO         1413    i.Gpio_GetInputIO   gpio.o
    0x00001ab0   0x00001ab0   0x00000090   Code   RO         1415    i.Gpio_Init         gpio.o
    0x00001b40   0x00001b40   0x00000014   Code   RO         1417    i.Gpio_SetAfMode    gpio.o
    0x00001b54   0x00001b54   0x0000001c   Code   RO         1420    i.Gpio_SetIO        gpio.o
    0x00001b70   0x00001b70   0x0000001c   Code   RO         1432    i.Gpio_WriteOutputIO  gpio.o
    0x00001b8c   0x00001b8c   0x00000010   Code   RO         3057    i.HardFault_Handler  interrupts_hc32l13x.o
    0x00001b9c   0x00001b9c   0x00000008   Code   RO         3058    i.IRQ000_Handler    interrupts_hc32l13x.o
    0x00001ba4   0x00001ba4   0x00000008   Code   RO         3059    i.IRQ001_Handler    interrupts_hc32l13x.o
    0x00001bac   0x00001bac   0x00000008   Code   RO         3060    i.IRQ002_Handler    interrupts_hc32l13x.o
    0x00001bb4   0x00001bb4   0x00000008   Code   RO         3061    i.IRQ003_Handler    interrupts_hc32l13x.o
    0x00001bbc   0x00001bbc   0x00000008   Code   RO         3062    i.IRQ004_Handler    interrupts_hc32l13x.o
    0x00001bc4   0x00001bc4   0x00000008   Code   RO         3063    i.IRQ005_Handler    interrupts_hc32l13x.o
    0x00001bcc   0x00001bcc   0x00000008   Code   RO         3064    i.IRQ006_Handler    interrupts_hc32l13x.o
    0x00001bd4   0x00001bd4   0x00000008   Code   RO         3065    i.IRQ007_Handler    interrupts_hc32l13x.o
    0x00001bdc   0x00001bdc   0x00000008   Code   RO         3066    i.IRQ008_Handler    interrupts_hc32l13x.o
    0x00001be4   0x00001be4   0x00000008   Code   RO         3067    i.IRQ009_Handler    interrupts_hc32l13x.o
    0x00001bec   0x00001bec   0x00000008   Code   RO         3068    i.IRQ010_Handler    interrupts_hc32l13x.o
    0x00001bf4   0x00001bf4   0x00000008   Code   RO         3069    i.IRQ011_Handler    interrupts_hc32l13x.o
    0x00001bfc   0x00001bfc   0x00000008   Code   RO         3070    i.IRQ012_Handler    interrupts_hc32l13x.o
    0x00001c04   0x00001c04   0x00000008   Code   RO         3071    i.IRQ013_Handler    interrupts_hc32l13x.o
    0x00001c0c   0x00001c0c   0x00000008   Code   RO         3072    i.IRQ014_Handler    interrupts_hc32l13x.o
    0x00001c14   0x00001c14   0x00000008   Code   RO         3073    i.IRQ015_Handler    interrupts_hc32l13x.o
    0x00001c1c   0x00001c1c   0x00000008   Code   RO         3074    i.IRQ016_Handler    interrupts_hc32l13x.o
    0x00001c24   0x00001c24   0x00000008   Code   RO         3075    i.IRQ017_Handler    interrupts_hc32l13x.o
    0x00001c2c   0x00001c2c   0x00000008   Code   RO         3076    i.IRQ018_Handler    interrupts_hc32l13x.o
    0x00001c34   0x00001c34   0x00000008   Code   RO         3077    i.IRQ019_Handler    interrupts_hc32l13x.o
    0x00001c3c   0x00001c3c   0x00000008   Code   RO         3078    i.IRQ020_Handler    interrupts_hc32l13x.o
    0x00001c44   0x00001c44   0x00000008   Code   RO         3079    i.IRQ021_Handler    interrupts_hc32l13x.o
    0x00001c4c   0x00001c4c   0x00000008   Code   RO         3080    i.IRQ022_Handler    interrupts_hc32l13x.o
    0x00001c54   0x00001c54   0x00000008   Code   RO         3081    i.IRQ023_Handler    interrupts_hc32l13x.o
    0x00001c5c   0x00001c5c   0x00000008   Code   RO         3082    i.IRQ024_Handler    interrupts_hc32l13x.o
    0x00001c64   0x00001c64   0x00000008   Code   RO         3083    i.IRQ025_Handler    interrupts_hc32l13x.o
    0x00001c6c   0x00001c6c   0x00000008   Code   RO         3084    i.IRQ026_Handler    interrupts_hc32l13x.o
    0x00001c74   0x00001c74   0x00000008   Code   RO         3085    i.IRQ027_Handler    interrupts_hc32l13x.o
    0x00001c7c   0x00001c7c   0x00000008   Code   RO         3086    i.IRQ028_Handler    interrupts_hc32l13x.o
    0x00001c84   0x00001c84   0x00000008   Code   RO         3087    i.IRQ029_Handler    interrupts_hc32l13x.o
    0x00001c8c   0x00001c8c   0x00000008   Code   RO         3088    i.IRQ031_Handler    interrupts_hc32l13x.o
    0x00001c94   0x00001c94   0x0000001e   Code   RO         1121    i.SetBit            ddl.o
    0x00001cb2   0x00001cb2   0x00000012   Code   RO         2866    i.Spi_GetStatus     spi.o
    0x00001cc4   0x00001cc4   0x00000020   Code   RO         2867    i.Spi_Init          spi.o
    0x00001ce4   0x00001ce4   0x00000008   Code   RO         2871    i.Spi_SendData      spi.o
    0x00001cec   0x00001cec   0x00000004   Code   RO         2872    i.Spi_SetCS         spi.o
    0x00001cf0   0x00001cf0   0x00000008   Code   RO         3089    i.SysTick_Handler   interrupts_hc32l13x.o
    0x00001cf8   0x00001cf8   0x00000018   Code   RO          986    i.SysTick_IRQHandler  business_scheduler.o
    0x00001d10   0x00001d10   0x0000016c   Code   RO         1257    i.Sysctrl_ClkSourceEnable  sysctrl.o
    0x00001e7c   0x00001e7c   0x00000174   Code   RO         1258    i.Sysctrl_GetHClkFreq  sysctrl.o
    0x00001ff0   0x00001ff0   0x00000020   Code   RO         1259    i.Sysctrl_GetPClkFreq  sysctrl.o
    0x00002010   0x00002010   0x00000114   Code   RO         1264    i.Sysctrl_SetPLLFreq  sysctrl.o
    0x00002124   0x00002124   0x00000024   Code   RO         1265    i.Sysctrl_SetPLLStableTime  sysctrl.o
    0x00002148   0x00002148   0x00000018   Code   RO         1266    i.Sysctrl_SetPeripheralGate  sysctrl.o
    0x00002160   0x00002160   0x0000002c   Code   RO         1274    i.Sysctrl_SysClkSwitch  sysctrl.o
    0x0000218c   0x0000218c   0x00000010   Code   RO         3013    i.SystemCoreClockUpdate  system_hc32l13x.o
    0x0000219c   0x0000219c   0x00000040   Code   RO         3014    i.SystemInit        system_hc32l13x.o
    0x000021dc   0x000021dc   0x00000034   Code   RO          241    i.Uart0_IRQHandler  communication_driver.o
    0x00002210   0x00002210   0x00000030   Code   RO          242    i.Uart1_IRQHandler  communication_driver.o
    0x00002240   0x00002240   0x00000016   Code   RO         1685    i.Uart_ClrStatus    uart.o
    0x00002256   0x00002256   0x00000014   Code   RO         1687    i.Uart_DisableIrq   uart.o
    0x0000226a   0x0000226a   0x00000014   Code   RO         1688    i.Uart_EnableFunc   uart.o
    0x0000227e   0x0000227e   0x00000014   Code   RO         1689    i.Uart_EnableIrq    uart.o
    0x00002292   0x00002292   0x00000018   Code   RO         1692    i.Uart_GetStatus    uart.o
    0x000022aa   0x000022aa   0x00000002   PAD
    0x000022ac   0x000022ac   0x00000094   Code   RO         1693    i.Uart_Init         uart.o
    0x00002340   0x00002340   0x00000008   Code   RO         1694    i.Uart_ReceiveData  uart.o
    0x00002348   0x00002348   0x0000003a   Code   RO         1696    i.Uart_SendDataPoll  uart.o
    0x00002382   0x00002382   0x00000002   PAD
    0x00002384   0x00002384   0x00000010   Code   RO         2940    i.Wdt_Feed          wdt.o
    0x00002394   0x00002394   0x0000002c   Code   RO         2942    i.Wdt_Init          wdt.o
    0x000023c0   0x000023c0   0x00000010   Code   RO         2946    i.Wdt_Start         wdt.o
    0x000023d0   0x000023d0   0x00000018   Code   RO         2947    i.Wdt_WriteWdtLoad  wdt.o
    0x000023e8   0x000023e8   0x0000001c   Code   RO         3015    i._HidePinInit      system_hc32l13x.o
    0x00002404   0x00002404   0x00000018   Code   RO         1277    i._SysctrlUnlock    sysctrl.o
    0x0000241c   0x0000241c   0x0000001c   Code   RO          798    i.__ARM_common_switch8  rgb_driver.o
    0x00002438   0x00002438   0x00000078   Code   RO         1062    i.__NVIC_SetPriority  system_clock.o
    0x000024b0   0x000024b0   0x00000078   Code   RO         3090    i.__NVIC_SetPriority  interrupts_hc32l13x.o
    0x00002528   0x00002528   0x0000000e   Code   RO         3329    i.__scatterload_copy  mc_p.l(handlers.o)
    0x00002536   0x00002536   0x00000002   Code   RO         3330    i.__scatterload_null  mc_p.l(handlers.o)
    0x00002538   0x00002538   0x0000000e   Code   RO         3331    i.__scatterload_zeroinit  mc_p.l(handlers.o)
    0x00002546   0x00002546   0x00000012   Code   RO          987    i.business_data_clear  business_scheduler.o
    0x00002558   0x00002558   0x00000028   Code   RO          988    i.business_initialization  business_scheduler.o
    0x00002580   0x00002580   0x00000028   Code   RO          989    i.business_interrput_scheduler  business_scheduler.o
    0x000025a8   0x000025a8   0x0000000e   Code   RO          990    i.business_scheduler  business_scheduler.o
    0x000025b6   0x000025b6   0x00000002   PAD
    0x000025b8   0x000025b8   0x00000104   Code   RO          125    i.button_handle     logic_control_business.o
    0x000026bc   0x000026bc   0x00000064   Code   RO          126    i.button_mapping_handle  logic_control_business.o
    0x00002720   0x00002720   0x00000130   Code   RO          589    i.button_scanf      gpio_manage_driver.o
    0x00002850   0x00002850   0x00000090   Code   RO          243    i.check_boot_command  communication_driver.o
    0x000028e0   0x000028e0   0x0000004c   Code   RO          244    i.common_cache_data  communication_driver.o
    0x0000292c   0x0000292c   0x000000cc   Code   RO          245    i.common_data_read  communication_driver.o
    0x000029f8   0x000029f8   0x00000040   Code   RO          246    i.common_idle_judge  communication_driver.o
    0x00002a38   0x00002a38   0x00000030   Code   RO          247    i.common_receive_refresh  communication_driver.o
    0x00002a68   0x00002a68   0x00000028   Code   RO          248    i.communication_485_data_send  communication_driver.o
    0x00002a90   0x00002a90   0x000001a0   Code   RO          127    i.communication_handle  logic_control_business.o
    0x00002c30   0x00002c30   0x000000ae   Code   RO           78    i.communication_send_instructions  user_agreement_send.o
    0x00002cde   0x00002cde   0x0000000e   Code   RO          991    i.data_stream_clear  business_scheduler.o
    0x00002cec   0x00002cec   0x00000020   Code   RO         1125    i.ddl_memclr        ddl.o
    0x00002d0c   0x00002d0c   0x00000020   Code   RO         1063    i.delay             system_clock.o
    0x00002d2c   0x00002d2c   0x0000005c   Code   RO         1127    i.delay10us         ddl.o
    0x00002d88   0x00002d88   0x00000034   Code   RO          128    i.dial_handle       logic_control_business.o
    0x00002dbc   0x00002dbc   0x00000054   Code   RO          644    i.dial_read         gpio_manage_bsp_hc32l130.o
    0x00002e10   0x00002e10   0x00000044   Code   RO          645    i.dial_switch_init  gpio_manage_bsp_hc32l130.o
    0x00002e54   0x00002e54   0x0000003c   Code   RO          129    i.directional_release_data_to_cache  logic_control_business.o
    0x00002e90   0x00002e90   0x00000018   Code   RO          249    i.factory_fixed_agreement  communication_driver.o
    0x00002ea8   0x00002ea8   0x000000e4   Code   RO          869    i.flash_data_read   data_business.o
    0x00002f8c   0x00002f8c   0x00000050   Code   RO          870    i.flash_data_write  data_business.o
    0x00002fdc   0x00002fdc   0x00000010   Code   RO          646    i.gpio_initialization  gpio_manage_bsp_hc32l130.o
    0x00002fec   0x00002fec   0x0000020c   Code   RO          742    i.indicator_start_show  rgb_driver.o
    0x000031f8   0x000031f8   0x00000044   Code   RO          130    i.infrared_handle   logic_control_business.o
    0x0000323c   0x0000323c   0x0000001c   Code   RO          131    i.initialization    logic_control_business.o
    0x00003258   0x00003258   0x00000018   Code   RO          192    i.initialization    communication_business.o
    0x00003270   0x00003270   0x00000018   Code   RO          250    i.initialization    communication_driver.o
    0x00003288   0x00003288   0x00000010   Code   RO          444    i.initialization    communication_bsp_hc32l130.o
    0x00003298   0x00003298   0x00000018   Code   RO          547    i.initialization    gpio_manage_business.o
    0x000032b0   0x000032b0   0x0000000c   Code   RO          590    i.initialization    gpio_manage_driver.o
    0x000032bc   0x000032bc   0x00000018   Code   RO          697    i.initialization    rgb_business.o
    0x000032d4   0x000032d4   0x00000038   Code   RO          743    i.initialization    rgb_driver.o
    0x0000330c   0x0000330c   0x00000064   Code   RO          813    i.initialization    rgb_bsp_hc32l130.o
    0x00003370   0x00003370   0x00000018   Code   RO          913    i.initialization    induction_business.o
    0x00003388   0x00003388   0x00000032   Code   RO          951    i.initialization    inductionbsp_hc32l130.o
    0x000033ba   0x000033ba   0x00000002   PAD
    0x000033bc   0x000033bc   0x00000044   Code   RO          647    i.input_init        gpio_manage_bsp_hc32l130.o
    0x00003400   0x00003400   0x00000024   Code   RO          648    i.input_read        gpio_manage_bsp_hc32l130.o
    0x00003424   0x00003424   0x00000034   Code   RO          132    i.interrput         logic_control_business.o
    0x00003458   0x00003458   0x00000018   Code   RO          193    i.interrput         communication_business.o
    0x00003470   0x00003470   0x00000020   Code   RO          251    i.interrput         communication_driver.o
    0x00003490   0x00003490   0x00000006   Code   RO          445    i.interrput         communication_bsp_hc32l130.o
    0x00003496   0x00003496   0x00000002   PAD
    0x00003498   0x00003498   0x00000018   Code   RO          548    i.interrput         gpio_manage_business.o
    0x000034b0   0x000034b0   0x00000034   Code   RO          591    i.interrput         gpio_manage_driver.o
    0x000034e4   0x000034e4   0x00000018   Code   RO          698    i.interrput         rgb_business.o
    0x000034fc   0x000034fc   0x00000050   Code   RO          744    i.interrput         rgb_driver.o
    0x0000354c   0x0000354c   0x00000006   Code   RO          814    i.interrput         rgb_bsp_hc32l130.o
    0x00003552   0x00003552   0x00000002   PAD
    0x00003554   0x00003554   0x00000034   Code   RO          914    i.interrput         induction_business.o
    0x00003588   0x00003588   0x00000006   Code   RO          952    i.interrput         inductionbsp_hc32l130.o
    0x0000358e   0x0000358e   0x00000002   PAD
    0x00003590   0x00003590   0x00000078   Code   RO           32    i.lamp_control_handle  user_agreement_receive.o
    0x00003608   0x00003608   0x00000018   Code   RO          745    i.led_all_off       rgb_driver.o
    0x00003620   0x00003620   0x00000018   Code   RO          746    i.led_all_on        rgb_driver.o
    0x00003638   0x00003638   0x00000014   Code   RO          747    i.led_one_on        rgb_driver.o
    0x0000364c   0x0000364c   0x00000018   Code   RO            1    i.main              main.o
    0x00003664   0x00003664   0x00000020   Code   RO          252    i.multi_channel_lamp_control_instructions  communication_driver.o
    0x00003684   0x00003684   0x00000018   Code   RO          253    i.multi_channel_lamp_query_instructions  communication_driver.o
    0x0000369c   0x0000369c   0x00000020   Code   RO          254    i.multi_channel_output_control_instructions  communication_driver.o
    0x000036bc   0x000036bc   0x00000030   Code   RO           79    i.multiple_button_answer_send_data  user_agreement_send.o
    0x000036ec   0x000036ec   0x00000054   Code   RO           80    i.multiple_lamp_switch  user_agreement_send.o
    0x00003740   0x00003740   0x00000068   Code   RO           33    i.output_control_handle  user_agreement_receive.o
    0x000037a8   0x000037a8   0x00000054   Code   RO          649    i.output_init       gpio_manage_bsp_hc32l130.o
    0x000037fc   0x000037fc   0x00000024   Code   RO          650    i.output_write      gpio_manage_bsp_hc32l130.o
    0x00003820   0x00003820   0x00000014   Code   RO          133    i.read              logic_control_business.o
    0x00003834   0x00003834   0x0000004c   Code   RO          194    i.read              communication_business.o
    0x00003880   0x00003880   0x0000003c   Code   RO          255    i.read              communication_driver.o
    0x000038bc   0x000038bc   0x00000006   Code   RO          446    i.read              communication_bsp_hc32l130.o
    0x000038c2   0x000038c2   0x00000002   PAD
    0x000038c4   0x000038c4   0x00000074   Code   RO          549    i.read              gpio_manage_business.o
    0x00003938   0x00003938   0x00000014   Code   RO          592    i.read              gpio_manage_driver.o
    0x0000394c   0x0000394c   0x00000006   Code   RO          699    i.read              rgb_business.o
    0x00003952   0x00003952   0x00000002   PAD
    0x00003954   0x00003954   0x00000018   Code   RO          748    i.read              rgb_driver.o
    0x0000396c   0x0000396c   0x00000006   Code   RO          815    i.read              rgb_bsp_hc32l130.o
    0x00003972   0x00003972   0x00000002   PAD
    0x00003974   0x00003974   0x0000004c   Code   RO          915    i.read              induction_business.o
    0x000039c0   0x000039c0   0x00000016   Code   RO          953    i.read              inductionbsp_hc32l130.o
    0x000039d6   0x000039d6   0x00000002   PAD
    0x000039d8   0x000039d8   0x00000044   Code   RO          593    i.read_single       gpio_manage_driver.o
    0x00003a1c   0x00003a1c   0x0000001c   Code   RO          816    i.reset_data_flow   rgb_bsp_hc32l130.o
    0x00003a38   0x00003a38   0x0000001c   Code   RO          447    i.rs485_direction   communication_bsp_hc32l130.o
    0x00003a54   0x00003a54   0x0000001c   Code   RO          134    i.run               logic_control_business.o
    0x00003a70   0x00003a70   0x00000018   Code   RO          195    i.run               communication_business.o
    0x00003a88   0x00003a88   0x0000001c   Code   RO          256    i.run               communication_driver.o
    0x00003aa4   0x00003aa4   0x00000018   Code   RO          550    i.run               gpio_manage_business.o
    0x00003abc   0x00003abc   0x00000024   Code   RO          594    i.run               gpio_manage_driver.o
    0x00003ae0   0x00003ae0   0x00000018   Code   RO          700    i.run               rgb_business.o
    0x00003af8   0x00003af8   0x00000194   Code   RO          749    i.run               rgb_driver.o
    0x00003c8c   0x00003c8c   0x00000098   Code   RO          916    i.run               induction_business.o
    0x00003d24   0x00003d24   0x0000002c   Code   RO          992    i.run_business_scheduler  business_scheduler.o
    0x00003d50   0x00003d50   0x000002ac   Code   RO          817    i.send_rgb_data     rgb_bsp_hc32l130.o
    0x00003ffc   0x00003ffc   0x00000034   Code   RO           81    i.single_button_send_data  user_agreement_send.o
    0x00004030   0x00004030   0x00000028   Code   RO          257    i.single_channel_lamp_control_instructions  communication_driver.o
    0x00004058   0x00004058   0x00000028   Code   RO          258    i.single_channel_output_control_instructions  communication_driver.o
    0x00004080   0x00004080   0x0000004c   Code   RO           82    i.single_lamp_switch_package  user_agreement_send.o
    0x000040cc   0x000040cc   0x0000003a   Code   RO          993    i.stream_cache_read  business_scheduler.o
    0x00004106   0x00004106   0x00000026   Code   RO          994    i.stream_cache_write  business_scheduler.o
    0x0000412c   0x0000412c   0x0000004c   Code   RO         1064    i.system_clock_config  system_clock.o
    0x00004178   0x00004178   0x0000004c   Code   RO          259    i.system_mapping_set  communication_driver.o
    0x000041c4   0x000041c4   0x00000054   Code   RO          260    i.system_rgb_set    communication_driver.o
    0x00004218   0x00004218   0x00000048   Code   RO          995    i.trigger_business_scheduler  business_scheduler.o
    0x00004260   0x00004260   0x00000060   Code   RO          448    i.uart_gpio_init    communication_bsp_hc32l130.o
    0x000042c0   0x000042c0   0x0000005c   Code   RO          449    i.uart_port_init    communication_bsp_hc32l130.o
    0x0000431c   0x0000431c   0x00000030   Code   RO           34    i.user_agreement_analysis  user_agreement_receive.o
    0x0000434c   0x0000434c   0x00000026   Code   RO          261    i.user_agreement_pack  communication_driver.o
    0x00004372   0x00004372   0x00000002   PAD
    0x00004374   0x00004374   0x00000030   Code   RO          871    i.user_data_read    data_business.o
    0x000043a4   0x000043a4   0x00000034   Code   RO         1065    i.user_systick_config  system_clock.o
    0x000043d8   0x000043d8   0x00000008   Code   RO         1066    i.watchdog_feed     system_clock.o
    0x000043e0   0x000043e0   0x00000018   Code   RO         1067    i.watchdog_init     system_clock.o
    0x000043f8   0x000043f8   0x00000020   Code   RO          135    i.write             logic_control_business.o
    0x00004418   0x00004418   0x00000040   Code   RO          196    i.write             communication_business.o
    0x00004458   0x00004458   0x00000018   Code   RO          262    i.write             communication_driver.o
    0x00004470   0x00004470   0x00000058   Code   RO          450    i.write             communication_bsp_hc32l130.o
    0x000044c8   0x000044c8   0x0000002c   Code   RO          551    i.write             gpio_manage_business.o
    0x000044f4   0x000044f4   0x0000005a   Code   RO          595    i.write             gpio_manage_driver.o
    0x0000454e   0x0000454e   0x00000002   PAD
    0x00004550   0x00004550   0x0000003c   Code   RO          701    i.write             rgb_business.o
    0x0000458c   0x0000458c   0x000000b8   Code   RO          750    i.write             rgb_driver.o
    0x00004644   0x00004644   0x00000034   Code   RO          818    i.write             rgb_bsp_hc32l130.o
    0x00004678   0x00004678   0x00000006   Code   RO          917    i.write             induction_business.o
    0x0000467e   0x0000467e   0x00000006   Code   RO          954    i.write             inductionbsp_hc32l130.o
    0x00004684   0x00004684   0x00000018   Data   RO         1278    .constdata          sysctrl.o
    0x0000469c   0x0000469c   0x00000020   Data   RO         1594    .constdata          flash.o
    0x000046bc   0x000046bc   0x00000008   Data   RO         1700    .constdata          uart.o
    0x000046c4   0x000046c4   0x00000020   Data   RO         3327    Region$$Table       anon$$obj.o


    Execution Region RW_IRAM1 (Exec base: 0x20000000, Load base: 0x000046e4, Size: 0x00000fc0, Max: 0x00002000, ABSOLUTE, COMPRESSED[0x0000010c])

    Exec Addr    Load Addr    Size         Type   Attr      Idx    E Section Name        Object

    0x20000000   COMPRESSED   0x00000002   Data   RW           36    .data               user_agreement_receive.o
    0x20000002   COMPRESSED   0x00000002   PAD
    0x20000004   COMPRESSED   0x00000020   Data   RW          137    .data               logic_control_business.o
    0x20000024   COMPRESSED   0x00000024   Data   RW          199    .data               communication_business.o
    0x20000048   COMPRESSED   0x0000003a   Data   RW          264    .data               communication_driver.o
    0x20000082   COMPRESSED   0x00000002   PAD
    0x20000084   COMPRESSED   0x00000014   Data   RW          451    .data               communication_bsp_hc32l130.o
    0x20000098   COMPRESSED   0x00000019   Data   RW          552    .data               gpio_manage_business.o
    0x200000b1   COMPRESSED   0x00000003   PAD
    0x200000b4   COMPRESSED   0x00000020   Data   RW          597    .data               gpio_manage_driver.o
    0x200000d4   COMPRESSED   0x00000024   Data   RW          651    .data               gpio_manage_bsp_hc32l130.o
    0x200000f8   COMPRESSED   0x00000018   Data   RW          703    .data               rgb_business.o
    0x20000110   COMPRESSED   0x0000002a   Data   RW          752    .data               rgb_driver.o
    0x2000013a   COMPRESSED   0x00000002   PAD
    0x2000013c   COMPRESSED   0x00000014   Data   RW          820    .data               rgb_bsp_hc32l130.o
    0x20000150   COMPRESSED   0x00000004   Data   RW          873    .data               data_business.o
    0x20000154   COMPRESSED   0x0000002c   Data   RW          919    .data               induction_business.o
    0x20000180   COMPRESSED   0x00000014   Data   RW          955    .data               inductionbsp_hc32l130.o
    0x20000194   COMPRESSED   0x00000018   Data   RW          997    .data               business_scheduler.o
    0x200001ac   COMPRESSED   0x00000004   Data   RW         3016    .data               system_hc32l13x.o
    0x200001b0        -       0x00000015   Zero   RW           35    .bss                user_agreement_receive.o
    0x200001c5        -       0x00000470   Zero   RW          136    .bss                logic_control_business.o
    0x20000635        -       0x00000065   Zero   RW          197    .bss                communication_business.o
    0x2000069a        -       0x000002dc   Zero   RW          263    .bss                communication_driver.o
    0x20000976        -       0x00000040   Zero   RW          596    .bss                gpio_manage_driver.o
    0x200009b6        -       0x00000065   Zero   RW          702    .bss                rgb_business.o
    0x20000a1b        -       0x00000075   Zero   RW          751    .bss                rgb_driver.o
    0x20000a90        -       0x00000032   Zero   RW          819    .bss                rgb_bsp_hc32l130.o
    0x20000ac2        -       0x00000034   Zero   RW          872    .bss                data_business.o
    0x20000af6        -       0x000000ca   Zero   RW          996    .bss                business_scheduler.o
    0x20000bc0        -       0x00000400   Zero   RW         3003    STACK               startup_hc32l13x.o


==============================================================================

Image component sizes


      Code (inc. data)   RO Data    RW Data    ZI Data      Debug   Object Name

       362         42          0         24        202       9160   business_scheduler.o
       332         12          0         20          0     126598   communication_bsp_hc32l130.o
       212         64          0         36        101       4063   communication_business.o
      1234        162          0         58        732     140452   communication_driver.o
       356         32          0          4         52       4200   data_business.o
       166         18          0          0          0     126259   ddl.o
       844        110         32          0          0       6594   flash.o
       272         40          0          0          0       7386   gpio.o
       392         52          0         36          0       5382   gpio_manage_bsp_hc32l130.o
       232         58          0         25          0       3801   gpio_manage_business.o
       582         30          0         32         64       5315   gpio_manage_driver.o
       310         44          0         44          0       4212   induction_business.o
        84          0          0         20          0       2630   inductionbsp_hc32l130.o
       516         18          0          0          0      26981   interrupts_hc32l13x.o
      1116        164          0         32       1136       8380   logic_control_business.o
        24          0          0          0          0       4147   main.o
       876         20          0         20         50       5923   rgb_bsp_hc32l130.o
       138         34          0         24        101       3461   rgb_business.o
      1368        130          0         42        117       6719   rgb_driver.o
        62          0          0          0          0       3906   spi.o
        64         24        192          0       1024        644   startup_hc32l13x.o
      1172         92         24          0          0       6637   sysctrl.o
       312         22          0          0          0      11344   system_clock.o
       122         16          0          4          0       2336   system_hc32l13x.o
       320          4          8          0          0       6918   uart.o
       272         16          0          2         21       6450   user_agreement_receive.o
       530         16          0          0          0       7130   user_agreement_send.o
       100         16          0          0          0       2677   wdt.o

    ----------------------------------------------------------------------
     12396       1236        288        432       3600     549705   Object Totals
         0          0         32          0          0          0   (incl. Generated)
        26          0          0          9          0          0   (incl. Padding)

    ----------------------------------------------------------------------

      Code (inc. data)   RO Data    RW Data    ZI Data      Debug   Library Member Name

        86          0          0          0          0          0   __dczerorl2.o
         0          0          0          0          0          0   entry.o
         0          0          0          0          0          0   entry10a.o
         0          0          0          0          0          0   entry11a.o
         8          4          0          0          0          0   entry2.o
         4          0          0          0          0          0   entry5.o
         0          0          0          0          0          0   entry7b.o
         0          0          0          0          0          0   entry8b.o
         8          4          0          0          0          0   entry9a.o
        30          0          0          0          0          0   handlers.o
        40          0          0          0          0         72   idiv.o
        36          8          0          0          0         68   init.o
         0          0          0          0          0          0   iusefp.o
        36          0          0          0          0         60   memcpya.o
        36          0          0          0          0        100   memseta.o
        40          0          0          0          0         72   strstr.o
        44          0          0          0          0         72   uidiv.o
       178          0          0          0          0        108   fadd.o
       124          0          0          0          0         72   fdiv.o
       130          0          0          0          0        144   fepilogue.o
        40          0          0          0          0         60   ffixui.o
        14          0          0          0          0         68   ffltui.o

    ----------------------------------------------------------------------
       856         16          0          0          0        896   Library Totals
         2          0          0          0          0          0   (incl. Padding)

    ----------------------------------------------------------------------

      Code (inc. data)   RO Data    RW Data    ZI Data      Debug   Library Name

       368         16          0          0          0        444   mc_p.l
       486          0          0          0          0        452   mf_p.l

    ----------------------------------------------------------------------
       856         16          0          0          0        896   Library Totals

    ----------------------------------------------------------------------

==============================================================================


      Code (inc. data)   RO Data    RW Data    ZI Data      Debug   

     13252       1252        288        432       3600     541629   Grand Totals
     13252       1252        288        268       3600     541629   ELF Image Totals (compressed)
     13252       1252        288        268          0          0   ROM Totals

==============================================================================

    Total RO  Size (Code + RO Data)                13540 (  13.22kB)
    Total RW  Size (RW Data + ZI Data)              4032 (   3.94kB)
    Total ROM Size (Code + RO Data + RW Data)      13808 (  13.48kB)

==============================================================================

